// Jest Snapshot v1, https://goo.gl/fbAQLP

exports[`UserRepos component renders UserRepos 1`] = `
<Fragment>
  <h1>
    List of Repos
  </h1>
  <ul>
    <li
      key="link1"
    >
      <a
        href="link1"
      >
        link1
      </a>
    </li>
    <li
      key="link2"
    >
      <a
        href="link2"
      >
        link2
      </a>
    </li>
    <li
      key="link3"
    >
      <a
        href="link3"
      >
        link3
      </a>
    </li>
  </ul>
</Fragment>
`;
