// Jest Snapshot v1, https://goo.gl/fbAQLP

exports[`SearchBar component renders SearchBar 1`] = `
<Fragment>
  <form>
    <input
      name="userName"
    />
    <button>
      Submit
    </button>
  </form>
</Fragment>
`;
